nohup: ignoring input
Using './build' as the directory for build output
python determined to be '/usr/bin/python3'
python version: Python 3.13.5
mkvenv: Creating non-isolated virtual environment at 'pyvenv'
mkvenv: checking for meson>=1.5.0
mkvenv: checking for pycotap>=1.1.0
mkvenv: installing pycotap==1.3.1
mkvenv: checking for qemu.qmp>=0.0.5
mkvenv: checking for setuptools>=44.1.1
mkvenv: checking for wheel>=0.34.2
mkvenv: checking for pip>=20.3.4
mkvenv: installing qemu.qmp==0.0.5, wheel>=0.34.2, pip>=20.3.4
ERROR: Could not find a version that satisfies the requirement wheel>=0.34.2 (from versions: none)
ERROR: No matching distribution found for wheel>=0.34.2

*** Ouch! ***

Could not provide build dependency 'qemu.qmp==0.0.5':
 • Python package 'qemu.qmp' was not found nor installed.
 • No suitable version found in, or failed to install from '/root/pve-vGPU-QEMU/python/wheels'.
 • mkvenv was configured to operate offline and did not check PyPI. 


