# QEMU configure log Tue Sep 22 03:00:27 PM IST 2026
# Configured with: '../configure' '--disable-download' '--target-list=x86_64-softmmu' '--with-suffix=kvm' '--audio-drv-list=alsa' '--disable-capstone' '--disable-gtk' '--disable-guest-agent' '--disable-libnfs' '--disable-libssh' '--disable-sdl' '--disable-smartcard' '--disable-strip' '--disable-xen' '--enable-curl' '--enable-fuse' '--enable-gnutls' '--enable-libiscsi' '--enable-libusb' '--enable-linux-aio' '--enable-linux-io-uring' '--enable-numa' '--enable-rbd' '--enable-seccomp' '--enable-slirp' '--enable-spice' '--enable-usb-redir' '--enable-virglrenderer' '--enable-virtfs' '--enable-zstd'

#
cc -c -o config-temp/qemu-conf.o config-temp/qemu-conf.c
cc -c -o config-temp/qemu-conf.o config-temp/qemu-conf.c
cc -c -o config-temp/qemu-conf.o config-temp/qemu-conf.c
config-temp/qemu-conf.c:2:2: error: #error __ILP32__ not defined
    2 | #error __ILP32__ not defined
      |  ^~~~~
cc -m64 -c -o config-temp/qemu-conf.o config-temp/qemu-conf.c
cc -m64 -Werror -fPIE -DPIE -o config-temp/qemu-conf.exe config-temp/qemu-conf.c -pie
cc -m64 -o config-temp/qemu-conf.exe config-temp/qemu-conf.c
config-temp/qemu-conf.c:2:3: error: #error LITTLE
    2 | # error LITTLE
      |   ^~~~~
cc -m32 -o config-temp/qemu-conf.o -c config-temp/qemu-conf.c
cc -m32 -r -nostdlib -o config-temp/qemu-conf2.o config-temp/qemu-conf.o -lgcc
/usr/bin/ld: skipping incompatible /usr/lib/gcc/x86_64-linux-gnu/14/libgcc.a when searching for -lgcc
/usr/bin/ld: cannot find -lgcc: No such file or directory
/usr/bin/ld: have you installed the static version of the gcc library ?
collect2: error: ld returned 1 exit status
cc -m64 -mcx16 -o config-temp/qemu-conf.o -c config-temp/qemu-conf.c
cc -m64 -mcx16 -r -nostdlib -o config-temp/qemu-conf2.o config-temp/qemu-conf.o -lgcc
