c:\pve-qemu\qemu\driver\x64\debug\vc145.pdb
c:\pve-qemu\qemu\driver\x64\debug\ioctl.obj
c:\pve-qemu\qemu\driver\x64\debug\vram.obj
c:\pve-qemu\qemu\driver\x64\debug\interrupt.obj
c:\pve-qemu\qemu\driver\x64\debug\queue.obj
c:\pve-qemu\qemu\driver\x64\debug\device.obj
c:\pve-qemu\qemu\driver\x64\debug\driver.obj
c:\pve-qemu\qemu\driver\x64\debug\vijgpu.sys
c:\pve-qemu\qemu\driver\x64\debug\vijgpu.pdb
c:\pve-qemu\qemu\driver\x64\debug\vijgpu.inf
c:\pve-qemu\qemu\driver\x64\debug\vijgpu.tlog\cl.command.1.tlog
c:\pve-qemu\qemu\driver\x64\debug\vijgpu.tlog\cl.items.tlog
c:\pve-qemu\qemu\driver\x64\debug\vijgpu.tlog\cl.read.1.tlog
c:\pve-qemu\qemu\driver\x64\debug\vijgpu.tlog\cl.write.1.tlog
c:\pve-qemu\qemu\driver\x64\debug\vijgpu.tlog\link.command.1.tlog
c:\pve-qemu\qemu\driver\x64\debug\vijgpu.tlog\link.read.1.tlog
c:\pve-qemu\qemu\driver\x64\debug\vijgpu.tlog\link.secondary.1.tlog
c:\pve-qemu\qemu\driver\x64\debug\vijgpu.tlog\link.write.1.tlog
c:\pve-qemu\qemu\driver\x64\debug\vijgpu.tlog\stampinf.command.1.tlog
c:\pve-qemu\qemu\driver\x64\debug\vijgpu.tlog\stampinf.read.1.tlog
c:\pve-qemu\qemu\driver\x64\debug\vijgpu.tlog\stampinf.write.1.tlog
